[0m20:57:29.923478 [debug] [MainThread]: Sending event: {'category': 'dbt', 'action': 'invocation', 'label': 'start', 'context': [<snowplow_tracker.self_describing_json.SelfDescribingJson object at 0x0000023F54689FD0>, <snowplow_tracker.self_describing_json.SelfDescribingJson object at 0x0000023F52248B90>, <snowplow_tracker.self_describing_json.SelfDescribingJson object at 0x0000023F56FCB9D0>]}


============================== 20:57:29.928624 | a7427fe3-86b8-4852-9b4e-30f7e7e67659 ==============================
[0m20:57:29.928624 [info ] [MainThread]: Running with dbt=1.12.4
[0m20:57:29.929697 [debug] [MainThread]: running dbt with arguments {'static_parser': 'True', 'no_print': 'None', 'maximum_seed_size_mib': '1', 'warn_error_options': 'WarnErrorOptionsV2(error=[], warn=[], silence=[])', 'target_path': 'None', 'version_check': 'True', 'printer_width': '80', 'write_json': 'True', 'empty': 'None', 'log_cache_events': 'False', 'introspect': 'True', 'cache_selected_only': 'False', 'fail_fast': 'False', 'debug': 'False', 'log_format': 'default', 'profiles_dir': 'C:\\Users\\morad\\.dbt', 'send_anonymous_usage_stats': 'True', 'quiet': 'False', 'warn_error': 'None', 'partial_parse': 'True', 'indirect_selection': 'eager', 'hints_enabled': 'True', 'use_colors': 'True', 'use_experimental_parser': 'False', 'invocation_command': 'dbt init job_pipeline_dbt', 'log_path': 'logs'}
[0m20:57:29.973406 [info ] [MainThread]: Creating dbt configuration folder at C:\Users\morad\.dbt
[0m20:57:29.978189 [debug] [MainThread]: Starter project path: C:\Users\morad\AppData\Roaming\Python\Python314\site-packages\dbt\include\starter_project
[0m20:57:30.009474 [info ] [MainThread]: Setting up your profile.
[0m20:58:02.987550 [debug] [MainThread]: Snowflake adapter: Setting snowflake.connector to ERROR (file logging only)
[0m20:58:02.988164 [debug] [MainThread]: Snowflake adapter: Setting botocore to ERROR (file logging only)
[0m20:58:02.988924 [debug] [MainThread]: Snowflake adapter: Setting boto3 to ERROR (file logging only)
[0m22:12:26.785544 [info ] [MainThread]: Profile job_pipeline_dbt written to C:\Users\morad\.dbt\profiles.yml using target's profile_template.yml and your supplied values.
[0m22:12:26.831192 [info ] [MainThread]: Running dbt debug to validate the project...
[0m22:12:26.836173 [info ] [MainThread]: dbt version: 1.12.4
[0m22:12:26.837582 [info ] [MainThread]: python version: 3.14.7
[0m22:12:26.838802 [info ] [MainThread]: python path: C:\Program Files\Python314\python.exe
[0m22:12:26.840212 [info ] [MainThread]: os info: Windows-11-10.0.26200-SP0
[0m22:12:26.982299 [info ] [MainThread]: Using profiles dir at C:\Users\morad\.dbt
[0m22:12:26.983853 [info ] [MainThread]: Using profiles.yml file at C:\Users\morad\.dbt\profiles.yml
[0m22:12:26.984704 [info ] [MainThread]: Using dbt_project.yml file at C:\Users\morad\Desktop\dbt_projects\job_pipeline_dbt\dbt_project.yml
[0m22:12:26.986489 [info ] [MainThread]: adapter type: snowflake
[0m22:12:26.987164 [info ] [MainThread]: adapter version: 1.12.0
[0m22:12:27.181147 [info ] [MainThread]: Configuration:
[0m22:12:27.181964 [info ] [MainThread]:   profiles.yml file [[32mOK found and valid[0m]
[0m22:12:27.182611 [info ] [MainThread]:   dbt_project.yml file [[32mOK found and valid[0m]
[0m22:12:27.183155 [info ] [MainThread]: Required dependencies:
[0m22:12:27.183952 [debug] [MainThread]: Executing "git --help"
[0m22:12:27.355459 [debug] [MainThread]: STDOUT: "b"usage: git [-v | --version] [-h | --help] [-C <path>] [-c <name>=<value>]\n           [--exec-path[=<path>]] [--html-path] [--man-path] [--info-path]\n           [-p | --paginate | -P | --no-pager] [--no-replace-objects] [--no-lazy-fetch]\n           [--no-optional-locks] [--no-advice] [--bare] [--git-dir=<path>]\n           [--work-tree=<path>] [--namespace=<name>] [--config-env=<name>=<envvar>]\n           <command> [<args>]\n\nThese are common Git commands used in various situations:\n\nstart a working area (see also: git help tutorial)\n   clone      Clone a repository into a new directory\n   init       Create an empty Git repository or reinitialize an existing one\n\nwork on the current change (see also: git help everyday)\n   add        Add file contents to the index\n   mv         Move or rename a file, a directory, or a symlink\n   restore    Restore working tree files\n   rm         Remove files from the working tree and from the index\n\nexamine the history and state (see also: git help revisions)\n   bisect     Use binary search to find the commit that introduced a bug\n   diff       Show changes between commits, commit and working tree, etc\n   grep       Print lines matching a pattern\n   log        Show commit logs\n   show       Show various types of objects\n   status     Show the working tree status\n\ngrow, mark and tweak your common history\n   backfill   Download missing objects in a partial clone\n   branch     List, create, or delete branches\n   commit     Record changes to the repository\n   history    EXPERIMENTAL: Rewrite history\n   merge      Join two or more development histories together\n   rebase     Reapply commits on top of another base tip\n   reset      Set `HEAD` or the index to a known state\n   switch     Switch branches\n   tag        Create, list, delete or verify tags\n\ncollaborate (see also: git help workflows)\n   fetch      Download objects and refs from another repository\n   pull       Fetch from and integrate with another repository or a local branch\n   push       Update remote refs along with associated objects\n\n'git help -a' and 'git help -g' list available subcommands and some\nconcept guides. See 'git help <command>' or 'git help <concept>'\nto read about a specific subcommand or concept.\nSee 'git help git' for an overview of the system.\n""
[0m22:12:27.356628 [debug] [MainThread]: STDERR: "b''"
[0m22:12:27.357280 [info ] [MainThread]:  - git [[32mOK found[0m]

[0m22:12:27.358026 [info ] [MainThread]: Connection:
[0m22:12:27.358918 [info ] [MainThread]:   account: MQVMVTK-MU79882
[0m22:12:27.359606 [info ] [MainThread]:   user: MORADI.KHALAD.ZMOA20115
[0m22:12:27.360373 [info ] [MainThread]:   database: JOB_MARKET_DB
[0m22:12:27.361008 [info ] [MainThread]:   warehouse: COMPUTE_WH
[0m22:12:27.361583 [info ] [MainThread]:   role: ACCOUNTADMIN
[0m22:12:27.362189 [info ] [MainThread]:   schema: PUBLIC
[0m22:12:27.362856 [info ] [MainThread]:   authenticator: None
[0m22:12:27.363510 [info ] [MainThread]:   oauth_client_id: None
[0m22:12:27.364437 [info ] [MainThread]:   query_tag: None
[0m22:12:27.365218 [info ] [MainThread]:   client_session_keep_alive: False
[0m22:12:27.365771 [info ] [MainThread]:   host: None
[0m22:12:27.366447 [info ] [MainThread]:   port: None
[0m22:12:27.367151 [info ] [MainThread]:   proxy_host: None
[0m22:12:27.367763 [info ] [MainThread]:   proxy_port: None
[0m22:12:27.371921 [info ] [MainThread]:   protocol: None
[0m22:12:27.372904 [info ] [MainThread]:   connect_retries: 1
[0m22:12:27.373765 [info ] [MainThread]:   connect_timeout: None
[0m22:12:27.374391 [info ] [MainThread]:   retry_on_database_errors: False
[0m22:12:27.375206 [info ] [MainThread]:   retry_all: False
[0m22:12:27.375772 [info ] [MainThread]:   insecure_mode: False
[0m22:12:27.376386 [info ] [MainThread]:   reuse_connections: True
[0m22:12:27.377057 [info ] [MainThread]:   s3_stage_vpce_dns_name: None
[0m22:12:27.377975 [info ] [MainThread]:   workload_identity_provider: None
[0m22:12:27.378844 [info ] [MainThread]:   workload_identity_entra_resource: None
[0m22:12:27.379369 [info ] [MainThread]:   platform_detection_timeout_seconds: 0.0
[0m22:12:27.380836 [info ] [MainThread]: Registered adapter: snowflake=1.12.0
[0m22:12:28.063426 [debug] [MainThread]: Acquiring new snowflake connection 'debug'
[0m22:12:28.069402 [debug] [MainThread]: Using snowflake connection "debug"
[0m22:12:28.070099 [debug] [MainThread]: On debug: select 1 as id
[0m22:12:28.070660 [debug] [MainThread]: Opening a new connection, currently in state init
[0m22:12:30.533414 [debug] [MainThread]: SQL status: SUCCESS 1 in 2.463 seconds
[0m22:12:30.536499 [info ] [MainThread]:   Connection test: [[32mOK connection ok[0m]

[0m22:12:30.537807 [info ] [MainThread]: [32mAll checks passed![0m
[0m22:12:30.539072 [info ] [MainThread]: Your new dbt project "job_pipeline_dbt" was created!
Initialized new project in C:\Users\morad\Desktop\dbt_projects\job_pipeline_dbt\job_pipeline_dbt

For more information on how to configure the profiles.yml file,
please consult the dbt documentation here:

  https://docs.getdbt.com/docs/configure-your-profile

One more thing:

Need help? Don't hesitate to reach out to us via GitHub issues or on Slack:

  https://community.getdbt.com/

Happy modeling!

[0m22:12:30.543444 [debug] [MainThread]: Command `dbt init` succeeded at 22:12:30.542435 after 4501.27 seconds
[0m22:12:30.544605 [debug] [MainThread]: Connection 'debug' was left open.
[0m22:12:30.545419 [debug] [MainThread]: On debug: Close
[0m22:12:30.670342 [debug] [MainThread]: Sending event: {'category': 'dbt', 'action': 'invocation', 'label': 'end', 'context': [<snowplow_tracker.self_describing_json.SelfDescribingJson object at 0x0000023F5A1335C0>, <snowplow_tracker.self_describing_json.SelfDescribingJson object at 0x0000023F51FACA70>, <snowplow_tracker.self_describing_json.SelfDescribingJson object at 0x0000023F58D68270>]}
[0m22:12:30.671479 [debug] [MainThread]: Flushing usage events
[0m22:12:31.590683 [debug] [MainThread]: An error was encountered while trying to flush usage events
